// Jest Snapshot v1, https://goo.gl/fbAQLP

exports[`<StoreSidebar /> matches snapshot 1`] = `
<aside
  className="sidebar"
>
  <div
    className="game"
  >
    <h2
      className="characters-header"
    >
      Characters
    </h2>
    <div
      className="character"
    >
      <img
        alt="Firefly"
        src="Firefly.svg"
      />
      <span
        className="character-name"
      >
        Timmy
      </span>
    </div>
    <div
      className="character"
    >
      <img
        alt="Firefly"
        src="Firefly.svg"
      />
      <span
        className="character-name"
      >
        John
      </span>
    </div>
    <div
      className="character"
    >
      <img
        alt="Firefly"
        src="Firefly.svg"
      />
      <span
        className="character-name"
      >
        Linda
      </span>
    </div>
  </div>
</aside>
`;
