// Jest Snapshot v1, https://goo.gl/fbAQLP

exports[`<Signin /> matches snapshot 1`] = `
<div
  id="login-box"
>
  <div
    className="left1"
  >
    <h1
      className="signup"
    >
      SIGN IN
    </h1>
    <form
      onSubmit={[Function]}
    >
      <div>
        <input
          name="email"
          onChange={[Function]}
          placeholder="E-mail"
          type="email"
          value=""
        />
        <input
          name="password"
          onChange={[Function]}
          placeholder="Password"
          type="password"
          value=""
        />
      </div>
      <input
        className="signup-submit1"
        name="signup_submit"
        type="submit"
        value="Sign me in"
      />
    </form>
    <p
      className="log-footer1"
    >
      No AccountÂ 
      <a
        href="/"
        onClick={[Function]}
      >
        No Problem
      </a>
    </p>
  </div>
  <div
    className="right1 flex"
  >
    <div
      className="test"
    >
      <button
        className="social-signin facebook"
      >
        LOG IN WITH FACEBOOK
      </button>
      <button
        className="social-signin google"
      >
        LOG IN WITH GOOGLE
      </button>
    </div>
  </div>
  <div
    className="or"
  >
    OR
  </div>
</div>
`;
