// Jest Snapshot v1, https://goo.gl/fbAQLP

exports[`<Hub /> matches snapshot 1`] = `
<div
  className="sc-bdVaJa hBDWYd hub-container"
>
  <main>
    <article>
      <div
        className="game-info"
      >
        <div
          className="sc-bwzfXH DrQsA carousel"
          style={Object {}}
        >
          <div
            className="left-arrow"
            onClick={[Function]}
          >
            &lt;
          </div>
          <div
            className="reel"
          >
            <img
              alt="Carousel"
              className="carousel-img selected"
              src="firefly.png"
            />
            <img
              alt="Carousel"
              className="carousel-img"
              src="fireflyexample.png"
            />
          </div>
          <div
            className="right-arrow"
            onClick={[Function]}
          >
            &gt;
          </div>
        </div>
        <button
          className="play-now"
        >
          <a
            href="https..."
          >
            Play Firefly
          </a>
        </button>
      </div>
    </article>
    <aside
      className="sidebar"
    >
      <div
        className="game"
      >
        <h2
          className="characters-header"
        >
          Characters
        </h2>
        <div
          className="character"
        >
          <img
            alt="Firefly"
            src="Firefly.svg"
          />
          <span
            className="character-name"
          >
            Timmy
          </span>
        </div>
        <div
          className="character"
        >
          <img
            alt="Firefly"
            src="Firefly.svg"
          />
          <span
            className="character-name"
          >
            John
          </span>
        </div>
        <div
          className="character"
        >
          <img
            alt="Firefly"
            src="Firefly.svg"
          />
          <span
            className="character-name"
          >
            Linda
          </span>
        </div>
      </div>
    </aside>
  </main>
</div>
`;
